2024-11-09 22:05:59 [INFO]: Запит {
  "method": "get",
  "url": "https://jsonplaceholder.typicode.com/users",
  "headers": {
    "Accept": "application/json, text/plain, */*",
    "Content-Type": "application/json"
  }
}
2024-11-09 22:06:00 [INFO]: Відповідь {
  "status": 200,
  "data": [
    {
      "id": 1,
      "name": "Leanne Graham",
      "username": "Bret",
      "email": "Sincere@april.biz",
      "address": {
        "street": "Kulas Light",
        "suite": "Apt. 556",
        "city": "Gwenborough",
        "zipcode": "92998-3874",
        "geo": {
          "lat": "-37.3159",
          "lng": "81.1496"
        }
      },
      "phone": "1-770-736-8031 x56442",
      "website": "hildegard.org",
      "company": {
        "name": "Romaguera-Crona",
        "catchPhrase": "Multi-layered client-server neural-net",
        "bs": "harness real-time e-markets"
      }
    },
    {
      "id": 2,
      "name": "Ervin Howell",
      "username": "Antonette",
      "email": "Shanna@melissa.tv",
      "address": {
        "street": "Victor Plains",
        "suite": "Suite 879",
        "city": "Wisokyburgh",
        "zipcode": "90566-7771",
        "geo": {
          "lat": "-43.9509",
          "lng": "-34.4618"
        }
      },
      "phone": "010-692-6593 x09125",
      "website": "anastasia.net",
      "company": {
        "name": "Deckow-Crist",
        "catchPhrase": "Proactive didactic contingency",
        "bs": "synergize scalable supply-chains"
      }
    },
    {
      "id": 3,
      "name": "Clementine Bauch",
      "username": "Samantha",
      "email": "Nathan@yesenia.net",
      "address": {
        "street": "Douglas Extension",
        "suite": "Suite 847",
        "city": "McKenziehaven",
        "zipcode": "59590-4157",
        "geo": {
          "lat": "-68.6102",
          "lng": "-47.0653"
        }
      },
      "phone": "1-463-123-4447",
      "website": "ramiro.info",
      "company": {
        "name": "Romaguera-Jacobson",
        "catchPhrase": "Face to face bifurcated interface",
        "bs": "e-enable strategic applications"
      }
    },
    {
      "id": 4,
      "name": "Patricia Lebsack",
      "username": "Karianne",
      "email": "Julianne.OConner@kory.org",
      "address": {
        "street": "Hoeger Mall",
        "suite": "Apt. 692",
        "city": "South Elvis",
        "zipcode": "53919-4257",
        "geo": {
          "lat": "29.4572",
          "lng": "-164.2990"
        }
      },
      "phone": "493-170-9623 x156",
      "website": "kale.biz",
      "company": {
        "name": "Robel-Corkery",
        "catchPhrase": "Multi-tiered zero tolerance productivity",
        "bs": "transition cutting-edge web services"
      }
    },
    {
      "id": 5,
      "name": "Chelsey Dietrich",
      "username": "Kamren",
      "email": "Lucio_Hettinger@annie.ca",
      "address": {
        "street": "Skiles Walks",
        "suite": "Suite 351",
        "city": "Roscoeview",
        "zipcode": "33263",
        "geo": {
          "lat": "-31.8129",
          "lng": "62.5342"
        }
      },
      "phone": "(254)954-1289",
      "website": "demarco.info",
      "company": {
        "name": "Keebler LLC",
        "catchPhrase": "User-centric fault-tolerant solution",
        "bs": "revolutionize end-to-end systems"
      }
    },
    {
      "id": 6,
      "name": "Mrs. Dennis Schulist",
      "username": "Leopoldo_Corkery",
      "email": "Karley_Dach@jasper.info",
      "address": {
        "street": "Norberto Crossing",
        "suite": "Apt. 950",
        "city": "South Christy",
        "zipcode": "23505-1337",
        "geo": {
          "lat": "-71.4197",
          "lng": "71.7478"
        }
      },
      "phone": "1-477-935-8478 x6430",
      "website": "ola.org",
      "company": {
        "name": "Considine-Lockman",
        "catchPhrase": "Synchronised bottom-line interface",
        "bs": "e-enable innovative applications"
      }
    },
    {
      "id": 7,
      "name": "Kurtis Weissnat",
      "username": "Elwyn.Skiles",
      "email": "Telly.Hoeger@billy.biz",
      "address": {
        "street": "Rex Trail",
        "suite": "Suite 280",
        "city": "Howemouth",
        "zipcode": "58804-1099",
        "geo": {
          "lat": "24.8918",
          "lng": "21.8984"
        }
      },
      "phone": "210.067.6132",
      "website": "elvis.io",
      "company": {
        "name": "Johns Group",
        "catchPhrase": "Configurable multimedia task-force",
        "bs": "generate enterprise e-tailers"
      }
    },
    {
      "id": 8,
      "name": "Nicholas Runolfsdottir V",
      "username": "Maxime_Nienow",
      "email": "Sherwood@rosamond.me",
      "address": {
        "street": "Ellsworth Summit",
        "suite": "Suite 729",
        "city": "Aliyaview",
        "zipcode": "45169",
        "geo": {
          "lat": "-14.3990",
          "lng": "-120.7677"
        }
      },
      "phone": "586.493.6943 x140",
      "website": "jacynthe.com",
      "company": {
        "name": "Abernathy Group",
        "catchPhrase": "Implemented secondary concept",
        "bs": "e-enable extensible e-tailers"
      }
    },
    {
      "id": 9,
      "name": "Glenna Reichert",
      "username": "Delphine",
      "email": "Chaim_McDermott@dana.io",
      "address": {
        "street": "Dayna Park",
        "suite": "Suite 449",
        "city": "Bartholomebury",
        "zipcode": "76495-3109",
        "geo": {
          "lat": "24.6463",
          "lng": "-168.8889"
        }
      },
      "phone": "(775)976-6794 x41206",
      "website": "conrad.com",
      "company": {
        "name": "Yost and Sons",
        "catchPhrase": "Switchable contextually-based project",
        "bs": "aggregate real-time technologies"
      }
    },
    {
      "id": 10,
      "name": "Clementina DuBuque",
      "username": "Moriah.Stanton",
      "email": "Rey.Padberg@karina.biz",
      "address": {
        "street": "Kattie Turnpike",
        "suite": "Suite 198",
        "city": "Lebsackbury",
        "zipcode": "31428-2261",
        "geo": {
          "lat": "-38.2386",
          "lng": "57.2232"
        }
      },
      "phone": "024-648-3804",
      "website": "ambrose.net",
      "company": {
        "name": "Hoeger LLC",
        "catchPhrase": "Centralized empowering task-force",
        "bs": "target end-to-end models"
      }
    }
  ],
  "headers": {
    "date": "Sat, 09 Nov 2024 20:06:00 GMT",
    "content-type": "application/json; charset=utf-8",
    "transfer-encoding": "chunked",
    "connection": "keep-alive",
    "report-to": "{\"group\":\"heroku-nel\",\"max_age\":3600,\"endpoints\":[{\"url\":\"https://nel.heroku.com/reports?ts=1730788147&sid=e11707d5-02a7-43ef-b45e-2cf4d2036f7d&s=OmdO1Za24AMbuCaSXzqeMuxdMJncmx%2BcesPrrp%2BozmU%3D\"}]}",
    "reporting-endpoints": "heroku-nel=https://nel.heroku.com/reports?ts=1730788147&sid=e11707d5-02a7-43ef-b45e-2cf4d2036f7d&s=OmdO1Za24AMbuCaSXzqeMuxdMJncmx%2BcesPrrp%2BozmU%3D",
    "nel": "{\"report_to\":\"heroku-nel\",\"max_age\":3600,\"success_fraction\":0.005,\"failure_fraction\":0.05,\"response_headers\":[\"Via\"]}",
    "x-powered-by": "Express",
    "x-ratelimit-limit": "1000",
    "x-ratelimit-remaining": "997",
    "x-ratelimit-reset": "1730788157",
    "vary": "Origin, Accept-Encoding",
    "access-control-allow-credentials": "true",
    "cache-control": "max-age=43200",
    "pragma": "no-cache",
    "expires": "-1",
    "x-content-type-options": "nosniff",
    "etag": "W/\"160d-1eMSsxeJRfnVLRBmYJSbCiJZ1qQ\"",
    "via": "1.1 vegur",
    "cf-cache-status": "HIT",
    "age": "20141",
    "server": "cloudflare",
    "cf-ray": "8e006bba9ec35b45-VIE",
    "alt-svc": "h3=\":443\"; ma=86400",
    "server-timing": "cfL4;desc=\"?proto=TCP&rtt=56073&sent=3&recv=5&lost=0&retrans=0&sent_bytes=2828&recv_bytes=717&delivery_rate=52093&cwnd=251&unsent_bytes=0&cid=61903f332f380ee1&ts=93&x=0\""
  }
}
2024-11-09 22:06:00 [INFO]: Запит {
  "method": "get",
  "url": "https://jsonplaceholder.typicode.com/posts",
  "headers": {
    "Accept": "application/json, text/plain, */*",
    "Content-Type": "application/json"
  }
}
2024-11-09 22:06:00 [INFO]: Відповідь {
  "status": 200,
  "data": [
    {
      "userId": 3,
      "id": 21,
      "title": "asperiores ea ipsam voluptatibus modi minima quia sint",
      "body": "repellat aliquid praesentium dolorem quo\nsed totam minus non itaque\nnihil labore molestiae sunt dolor eveniet hic recusandae veniam\ntempora et tenetur expedita sunt"
    },
    {
      "userId": 3,
      "id": 22,
      "title": "dolor sint quo a velit explicabo quia nam",
      "body": "eos qui et ipsum ipsam suscipit aut\nsed omnis non odio\nexpedita earum mollitia molestiae aut atque rem suscipit\nnam impedit esse"
    },
    {
      "userId": 3,
      "id": 23,
      "title": "maxime id vitae nihil numquam",
      "body": "veritatis unde neque eligendi\nquae quod architecto quo neque vitae\nest illo sit tempora doloremque fugit quod\net et vel beatae sequi ullam sed tenetur perspiciatis"
    },
    {
      "userId": 3,
      "id": 24,
      "title": "autem hic labore sunt dolores incidunt",
      "body": "enim et ex nulla\nomnis voluptas quia qui\nvoluptatem consequatur numquam aliquam sunt\ntotam recusandae id dignissimos aut sed asperiores deserunt"
    },
    {
      "userId": 3,
      "id": 25,
      "title": "rem alias distinctio quo quis",
      "body": "ullam consequatur ut\nomnis quis sit vel consequuntur\nipsa eligendi ipsum molestiae et omnis error nostrum\nmolestiae illo tempore quia et distinctio"
    },
    {
      "userId": 3,
      "id": 26,
      "title": "est et quae odit qui non",
      "body": "similique esse doloribus nihil accusamus\nomnis dolorem fuga consequuntur reprehenderit fugit recusandae temporibus\nperspiciatis cum ut laudantium\nomnis aut molestiae vel vero"
    },
    {
      "userId": 3,
      "id": 27,
      "title": "quasi id et eos tenetur aut quo autem",
      "body": "eum sed dolores ipsam sint possimus debitis occaecati\ndebitis qui qui et\nut placeat enim earum aut odit facilis\nconsequatur suscipit necessitatibus rerum sed inventore temporibus consequatur"
    },
    {
      "userId": 3,
      "id": 28,
      "title": "delectus ullam et corporis nulla voluptas sequi",
      "body": "non et quaerat ex quae ad maiores\nmaiores recusandae totam aut blanditiis mollitia quas illo\nut voluptatibus voluptatem\nsimilique nostrum eum"
    },
    {
      "userId": 3,
      "id": 29,
      "title": "iusto eius quod necessitatibus culpa ea",
      "body": "odit magnam ut saepe sed non qui\ntempora atque nihil\naccusamus illum doloribus illo dolor\neligendi repudiandae odit magni similique sed cum maiores"
    },
    {
      "userId": 3,
      "id": 30,
      "title": "a quo magni similique perferendis",
      "body": "alias dolor cumque\nimpedit blanditiis non eveniet odio maxime\nblanditiis amet eius quis tempora quia autem rem\na provident perspiciatis quia"
    }
  ],
  "headers": {
    "date": "Sat, 09 Nov 2024 20:06:00 GMT",
    "content-type": "application/json; charset=utf-8",
    "transfer-encoding": "chunked",
    "connection": "keep-alive",
    "report-to": "{\"group\":\"heroku-nel\",\"max_age\":3600,\"endpoints\":[{\"url\":\"https://nel.heroku.com/reports?ts=1731102396&sid=e11707d5-02a7-43ef-b45e-2cf4d2036f7d&s=5u50Y3L1DIhtY7BV%2Bk5rvDz06WYh1oHEsQEqo3eoyeo%3D\"}]}",
    "reporting-endpoints": "heroku-nel=https://nel.heroku.com/reports?ts=1731102396&sid=e11707d5-02a7-43ef-b45e-2cf4d2036f7d&s=5u50Y3L1DIhtY7BV%2Bk5rvDz06WYh1oHEsQEqo3eoyeo%3D",
    "nel": "{\"report_to\":\"heroku-nel\",\"max_age\":3600,\"success_fraction\":0.005,\"failure_fraction\":0.05,\"response_headers\":[\"Via\"]}",
    "x-powered-by": "Express",
    "x-ratelimit-limit": "1000",
    "x-ratelimit-remaining": "999",
    "x-ratelimit-reset": "1731102444",
    "vary": "Origin, Accept-Encoding",
    "access-control-allow-credentials": "true",
    "cache-control": "max-age=43200",
    "pragma": "no-cache",
    "expires": "-1",
    "x-content-type-options": "nosniff",
    "etag": "W/\"a65-1/mRNOhrr+3bFpMuWj+OXmTpWLs\"",
    "via": "1.1 vegur",
    "cf-cache-status": "HIT",
    "age": "2222",
    "server": "cloudflare",
    "cf-ray": "8e006bbc09455b45-VIE",
    "alt-svc": "h3=\":443\"; ma=86400",
    "server-timing": "cfL4;desc=\"?proto=TCP&rtt=56394&sent=8&recv=7&lost=0&retrans=0&sent_bytes=6545&recv_bytes=977&delivery_rate=124484&cwnd=256&unsent_bytes=0&cid=61903f332f380ee1&ts=320&x=0\""
  }
}
2024-11-09 22:06:00 [INFO]: Запит {
  "method": "post",
  "url": "https://jsonplaceholder.typicode.com/posts",
  "headers": {
    "Accept": "application/json, text/plain, */*"
  },
  "data": {
    "headers": {
      "Content-Type": "application/json"
    },
    "body": "{\"title\":\"Test title\",\"body\":\"Test body\"}"
  }
}
2024-11-09 22:06:00 [INFO]: Відповідь {
  "status": 201,
  "data": {
    "headers": {
      "Content-Type": "application/json"
    },
    "body": "{\"title\":\"Test title\",\"body\":\"Test body\"}",
    "id": 101
  },
  "headers": {
    "date": "Sat, 09 Nov 2024 20:06:00 GMT",
    "content-type": "application/json; charset=utf-8",
    "content-length": "137",
    "connection": "keep-alive",
    "report-to": "{\"group\":\"heroku-nel\",\"max_age\":3600,\"endpoints\":[{\"url\":\"https://nel.heroku.com/reports?ts=1731182760&sid=e11707d5-02a7-43ef-b45e-2cf4d2036f7d&s=dnMBDDzpBj8qHEjAnlrmtHQR4spzgwLYBrOk4IWRqDM%3D\"}]}",
    "reporting-endpoints": "heroku-nel=https://nel.heroku.com/reports?ts=1731182760&sid=e11707d5-02a7-43ef-b45e-2cf4d2036f7d&s=dnMBDDzpBj8qHEjAnlrmtHQR4spzgwLYBrOk4IWRqDM%3D",
    "nel": "{\"report_to\":\"heroku-nel\",\"max_age\":3600,\"success_fraction\":0.005,\"failure_fraction\":0.05,\"response_headers\":[\"Via\"]}",
    "x-powered-by": "Express",
    "x-ratelimit-limit": "1000",
    "x-ratelimit-remaining": "999",
    "x-ratelimit-reset": "1731182782",
    "vary": "Origin, X-HTTP-Method-Override, Accept-Encoding",
    "access-control-allow-credentials": "true",
    "cache-control": "no-cache",
    "pragma": "no-cache",
    "expires": "-1",
    "access-control-expose-headers": "Location",
    "location": "https://jsonplaceholder.typicode.com/posts/101",
    "x-content-type-options": "nosniff",
    "etag": "W/\"89-A63p9thPfM7UrMVOOmmkUgTjmrM\"",
    "via": "1.1 vegur",
    "cf-cache-status": "DYNAMIC",
    "server": "cloudflare",
    "cf-ray": "8e006bbcba8d5b45-VIE",
    "alt-svc": "h3=\":443\"; ma=86400",
    "server-timing": "cfL4;desc=\"?proto=TCP&rtt=61249&sent=12&recv=9&lost=0&retrans=0&sent_bytes=8945&recv_bytes=1356&delivery_rate=124484&cwnd=256&unsent_bytes=0&cid=61903f332f380ee1&ts=765&x=0\""
  }
}
2024-11-09 22:06:00 [INFO]: Запит {
  "method": "put",
  "url": "https://jsonplaceholder.typicode.com/posts/100",
  "headers": {
    "Accept": "application/json, text/plain, */*"
  },
  "data": {
    "headers": {
      "Content-Type": "application/json"
    },
    "body": "{\"title\":\"Test title\",\"body\":\"Test body\"}"
  }
}
2024-11-09 22:06:01 [INFO]: Відповідь {
  "status": 200,
  "data": {
    "headers": {
      "Content-Type": "application/json"
    },
    "body": "{\"title\":\"Test title\",\"body\":\"Test body\"}",
    "id": 100
  },
  "headers": {
    "date": "Sat, 09 Nov 2024 20:06:01 GMT",
    "content-type": "application/json; charset=utf-8",
    "transfer-encoding": "chunked",
    "connection": "keep-alive",
    "report-to": "{\"group\":\"heroku-nel\",\"max_age\":3600,\"endpoints\":[{\"url\":\"https://nel.heroku.com/reports?ts=1731182760&sid=e11707d5-02a7-43ef-b45e-2cf4d2036f7d&s=dnMBDDzpBj8qHEjAnlrmtHQR4spzgwLYBrOk4IWRqDM%3D\"}]}",
    "reporting-endpoints": "heroku-nel=https://nel.heroku.com/reports?ts=1731182760&sid=e11707d5-02a7-43ef-b45e-2cf4d2036f7d&s=dnMBDDzpBj8qHEjAnlrmtHQR4spzgwLYBrOk4IWRqDM%3D",
    "nel": "{\"report_to\":\"heroku-nel\",\"max_age\":3600,\"success_fraction\":0.005,\"failure_fraction\":0.05,\"response_headers\":[\"Via\"]}",
    "x-powered-by": "Express",
    "x-ratelimit-limit": "1000",
    "x-ratelimit-remaining": "998",
    "x-ratelimit-reset": "1731182782",
    "vary": "Origin, Accept-Encoding",
    "access-control-allow-credentials": "true",
    "cache-control": "no-cache",
    "pragma": "no-cache",
    "expires": "-1",
    "x-content-type-options": "nosniff",
    "etag": "W/\"89-kFRrO9UfZx7ejLvBVQ19nPijUhw\"",
    "via": "1.1 vegur",
    "cf-cache-status": "DYNAMIC",
    "server": "cloudflare",
    "cf-ray": "8e006bbf5ea85b45-VIE",
    "alt-svc": "h3=\":443\"; ma=86400",
    "server-timing": "cfL4;desc=\"?proto=TCP&rtt=60626&sent=15&recv=11&lost=0&retrans=0&sent_bytes=10524&recv_bytes=1738&delivery_rate=124484&cwnd=256&unsent_bytes=0&cid=61903f332f380ee1&ts=995&x=0\""
  }
}
2024-11-09 22:06:01 [INFO]: Запит {
  "method": "patch",
  "url": "https://jsonplaceholder.typicode.com/posts/100",
  "headers": {
    "Accept": "application/json, text/plain, */*"
  },
  "data": {
    "headers": {
      "Content-Type": "application/json"
    },
    "body": "{\"body\":\"New Test body\"}"
  }
}
2024-11-09 22:06:01 [INFO]: Відповідь {
  "status": 200,
  "data": {
    "userId": 10,
    "id": 100,
    "title": "at nam consequatur ea labore ea harum",
    "body": "{\"body\":\"New Test body\"}",
    "headers": {
      "Content-Type": "application/json"
    }
  },
  "headers": {
    "date": "Sat, 09 Nov 2024 20:06:01 GMT",
    "content-type": "application/json; charset=utf-8",
    "transfer-encoding": "chunked",
    "connection": "keep-alive",
    "report-to": "{\"group\":\"heroku-nel\",\"max_age\":3600,\"endpoints\":[{\"url\":\"https://nel.heroku.com/reports?ts=1731182761&sid=e11707d5-02a7-43ef-b45e-2cf4d2036f7d&s=ARyLMw0cODTT91mYarWQCWnXJIKCy%2FP3dCN1vvwBFzc%3D\"}]}",
    "reporting-endpoints": "heroku-nel=https://nel.heroku.com/reports?ts=1731182761&sid=e11707d5-02a7-43ef-b45e-2cf4d2036f7d&s=ARyLMw0cODTT91mYarWQCWnXJIKCy%2FP3dCN1vvwBFzc%3D",
    "nel": "{\"report_to\":\"heroku-nel\",\"max_age\":3600,\"success_fraction\":0.005,\"failure_fraction\":0.05,\"response_headers\":[\"Via\"]}",
    "x-powered-by": "Express",
    "x-ratelimit-limit": "1000",
    "x-ratelimit-remaining": "997",
    "x-ratelimit-reset": "1731182782",
    "vary": "Origin, Accept-Encoding",
    "access-control-allow-credentials": "true",
    "cache-control": "no-cache",
    "pragma": "no-cache",
    "expires": "-1",
    "x-content-type-options": "nosniff",
    "etag": "W/\"b8-JKpZ5nf6bT1gkc/jCnnOYK63Aig\"",
    "via": "1.1 vegur",
    "cf-cache-status": "DYNAMIC",
    "server": "cloudflare",
    "cf-ray": "8e006bc0e8fd5b45-VIE",
    "alt-svc": "h3=\":443\"; ma=86400",
    "server-timing": "cfL4;desc=\"?proto=TCP&rtt=60013&sent=18&recv=13&lost=0&retrans=0&sent_bytes=12002&recv_bytes=2100&delivery_rate=124484&cwnd=256&unsent_bytes=0&cid=61903f332f380ee1&ts=1205&x=0\""
  }
}
2024-11-09 22:06:01 [INFO]: Запит {
  "method": "delete",
  "url": "https://jsonplaceholder.typicode.com/posts/100",
  "headers": {
    "Accept": "application/json, text/plain, */*",
    "Content-Type": "application/json"
  }
}
2024-11-09 22:06:01 [INFO]: Відповідь {
  "status": 200,
  "data": {},
  "headers": {
    "date": "Sat, 09 Nov 2024 20:06:01 GMT",
    "content-type": "application/json; charset=utf-8",
    "content-length": "2",
    "connection": "keep-alive",
    "report-to": "{\"group\":\"heroku-nel\",\"max_age\":3600,\"endpoints\":[{\"url\":\"https://nel.heroku.com/reports?ts=1731182761&sid=e11707d5-02a7-43ef-b45e-2cf4d2036f7d&s=ARyLMw0cODTT91mYarWQCWnXJIKCy%2FP3dCN1vvwBFzc%3D\"}]}",
    "reporting-endpoints": "heroku-nel=https://nel.heroku.com/reports?ts=1731182761&sid=e11707d5-02a7-43ef-b45e-2cf4d2036f7d&s=ARyLMw0cODTT91mYarWQCWnXJIKCy%2FP3dCN1vvwBFzc%3D",
    "nel": "{\"report_to\":\"heroku-nel\",\"max_age\":3600,\"success_fraction\":0.005,\"failure_fraction\":0.05,\"response_headers\":[\"Via\"]}",
    "x-powered-by": "Express",
    "x-ratelimit-limit": "1000",
    "x-ratelimit-remaining": "996",
    "x-ratelimit-reset": "1731182782",
    "vary": "Origin, Accept-Encoding",
    "access-control-allow-credentials": "true",
    "cache-control": "no-cache",
    "pragma": "no-cache",
    "expires": "-1",
    "x-content-type-options": "nosniff",
    "etag": "W/\"2-vyGp6PvFo4RvsFtPoIWeCReyIC8\"",
    "via": "1.1 vegur",
    "cf-cache-status": "DYNAMIC",
    "server": "cloudflare",
    "cf-ray": "8e006bc21b585b45-VIE",
    "alt-svc": "h3=\":443\"; ma=86400",
    "server-timing": "cfL4;desc=\"?proto=TCP&rtt=59968&sent=21&recv=15&lost=0&retrans=0&sent_bytes=13528&recv_bytes=2358&delivery_rate=124484&cwnd=256&unsent_bytes=0&cid=61903f332f380ee1&ts=1392&x=0\""
  }
}
